

================================================================
== Vivado HLS Report for 'fpga_powm'
================================================================
* Date:           Tue Nov 27 12:47:12 2018

* Version:        2017.2 (Build 1909853 on Wed Aug 23 11:51:38 MDT 2017)
* Project:        rsa.prj
* Solution:       solution1
* Product family: zynq
* Target device:  xc7z020clg484-1


================================================================
== Performance Estimates
================================================================
+ Timing (ns): 
    * Summary: 
    +--------+-------+----------+------------+
    |  Clock | Target| Estimated| Uncertainty|
    +--------+-------+----------+------------+
    |ap_clk  |  10.00|      9.33|        1.25|
    +--------+-------+----------+------------+

+ Latency (clock cycles): 
    * Summary: 
    +-----+-----------+-----+-----------+---------+
    |     Latency     |     Interval    | Pipeline|
    | min |    max    | min |    max    |   Type  |
    +-----+-----------+-----+-----------+---------+
    |    1|  171909668|    2|  171909669|   none  |
    +-----+-----------+-----+-----------+---------+

    + Detail: 
        * Instance: 
        +--------------------------+--------------+-----+-------+-----+-------+---------+
        |                          |              |   Latency   |   Interval  | Pipeline|
        |         Instance         |    Module    | min |  max  | min |  max  |   Type  |
        +--------------------------+--------------+-----+-------+-----+-------+---------+
        |grp_divide_fu_9419        |divide        |  132|  78903|  132|  78903|   none  |
        |grp_operator_mul_fu_9429  |operator_mul  |  110|   4553|  110|   4553|   none  |
        |grp_operator_1_fu_9438    |operator_1    |  110|   4553|  110|   4553|   none  |
        |grp_operator_lt_fu_9445   |operator_lt   |    1|    128|    1|    128|   none  |
        |grp_trim_fu_9453          |trim          |    3|    129|    3|    129|   none  |
        |grp_trim_fu_9460          |trim          |    3|    129|    3|    129|   none  |
        |grp_trim_fu_9467          |trim          |    3|    129|    3|    129|   none  |
        +--------------------------+--------------+-----+-------+-----+-------+---------+

        * Loop: 
        +----------------+------+-----------+------------+-----------+-----------+------+----------+
        |                |      Latency     |  Iteration |  Initiation Interval  | Trip |          |
        |    Loop Name   |  min |    max    |   Latency  |  achieved |   target  | Count| Pipelined|
        +----------------+------+-----------+------------+-----------+-----------+------+----------+
        |- Loop 1        |   130|        130|           2|          -|          -|    65|    no    |
        |- POWM_LOOP     |  4096|  171830272| 4 ~ 167803 |          -|          -|  1024|    no    |
        | + POWM_LOOP.1  |   130|        130|           2|          -|          -|    65|    no    |
        | + POWM_LOOP.2  |   130|        130|           2|          -|          -|    65|    no    |
        | + POWM_LOOP.3  |   130|        130|           2|          -|          -|    65|    no    |
        +----------------+------+-----------+------------+-----------+-----------+------+----------+



================================================================
== Utilization Estimates
================================================================
* Summary: 
+-----------------+---------+-------+--------+--------+
|       Name      | BRAM_18K| DSP48E|   FF   |   LUT  |
+-----------------+---------+-------+--------+--------+
|DSP              |        -|      -|       -|       -|
|Expression       |        -|      -|       0|    6306|
|FIFO             |        -|      -|       -|       -|
|Instance         |        2|    579|  129168|  209087|
|Memory           |       36|      -|       0|       0|
|Multiplexer      |        -|      -|       -|   11399|
|Register         |        -|      -|   11630|       -|
+-----------------+---------+-------+--------+--------+
|Total            |       38|    579|  140798|  226792|
+-----------------+---------+-------+--------+--------+
|Available        |      280|    220|  106400|   53200|
+-----------------+---------+-------+--------+--------+
|Utilization (%)  |       13|    263|     132|     426|
+-----------------+---------+-------+--------+--------+

+ Detail: 
    * Instance: 
    +--------------------------+--------------+---------+-------+-------+--------+
    |         Instance         |    Module    | BRAM_18K| DSP48E|   FF  |   LUT  |
    +--------------------------+--------------+---------+-------+-------+--------+
    |grp_divide_fu_9419        |divide        |        2|    195|  88916|  132343|
    |grp_operator_1_fu_9438    |operator_1    |        0|    192|  15449|   27547|
    |grp_operator_lt_fu_9445   |operator_lt   |        0|      0|   2274|    5471|
    |grp_operator_mul_fu_9429  |operator_mul  |        0|    192|  15515|   27604|
    |grp_trim_fu_9453          |trim          |        0|      0|   2338|    5374|
    |grp_trim_fu_9460          |trim          |        0|      0|   2338|    5374|
    |grp_trim_fu_9467          |trim          |        0|      0|   2338|    5374|
    +--------------------------+--------------+---------+-------+-------+--------+
    |Total                     |              |        2|    579| 129168|  209087|
    +--------------------------+--------------+---------+-------+-------+--------+

    * DSP48: 
    N/A

    * Memory: 
    +-------------------------+----------------------+---------+---+----+------+-----+------+-------------+
    |          Memory         |        Module        | BRAM_18K| FF| LUT| Words| Bits| Banks| W*Bits*Banks|
    +-------------------------+----------------------+---------+---+----+------+-----+------+-------------+
    |u_digits_data_V_ass_U    |divide_w_digits_dbkb  |        2|  0|   0|    65|   32|     1|         2080|
    |p_0_U                    |divide_w_digits_dbkb  |        2|  0|   0|    65|   32|     1|         2080|
    |p_02_U                   |divide_w_digits_dbkb  |        2|  0|   0|    65|   32|     1|         2080|
    |p_04_U                   |divide_w_digits_dbkb  |        2|  0|   0|    65|   32|     1|         2080|
    |result_digits_data_s_U   |divide_w_digits_dbkb  |        2|  0|   0|    65|   32|     1|         2080|
    |b_digits_data_V_U        |divide_w_digits_dbkb  |        2|  0|   0|    65|   32|     1|         2080|
    |e_digits_data_V_U        |divide_w_digits_dbkb  |        2|  0|   0|    65|   32|     1|         2080|
    |m_digits_data_V_U        |divide_w_digits_dbkb  |        2|  0|   0|    65|   32|     1|         2080|
    |r_digits_data_V_U        |divide_w_digits_dbkb  |        2|  0|   0|    65|   32|     1|         2080|
    |r_digits_data_V_1_U      |divide_w_digits_dbkb  |        2|  0|   0|    65|   32|     1|         2080|
    |u_digits_data_V_ass_1_U  |divide_w_digits_dbkb  |        2|  0|   0|    65|   32|     1|         2080|
    |r_digits_data_V_2_U      |divide_w_digits_dbkb  |        2|  0|   0|    65|   32|     1|         2080|
    |u_digits_data_V_ass_2_U  |divide_w_digits_dbkb  |        2|  0|   0|    65|   32|     1|         2080|
    |p_08_U                   |fpga_powm_p_08        |        2|  0|   0|    65|   32|     1|         2080|
    |q_digits_data_V_U        |fpga_powm_q_digiteOg  |        2|  0|   0|    65|   32|     1|         2080|
    |q_digits_data_V_1_U      |fpga_powm_q_digiteOg  |        2|  0|   0|    65|   32|     1|         2080|
    |q_digits_data_V_2_U      |fpga_powm_q_digiteOg  |        2|  0|   0|    65|   32|     1|         2080|
    |zero_digits_data_V_U     |fpga_powm_q_digiteOg  |        2|  0|   0|    65|   32|     1|         2080|
    +-------------------------+----------------------+---------+---+----+------+-----+------+-------------+
    |Total                    |                      |       36|  0|   0|  1170|  576|    18|        37440|
    +-------------------------+----------------------+---------+---+----+------+-----+------+-------------+

    * FIFO: 
    N/A

    * Expression: 
    +-----------------------------------+----------+-------+---+-----+------------+------------+
    |           Variable Name           | Operation| DSP48E| FF| LUT | Bitwidth P0| Bitwidth P1|
    +-----------------------------------+----------+-------+---+-----+------------+------------+
    |i_fu_10522_p2                      |     +    |      0|  0|   18|          11|           1|
    |j_2_10_fu_11348_p2                 |     +    |      0|  0|   39|           5|          32|
    |j_2_11_fu_11377_p2                 |     +    |      0|  0|   39|           5|          32|
    |j_2_12_fu_11406_p2                 |     +    |      0|  0|   39|           5|          32|
    |j_2_13_fu_11435_p2                 |     +    |      0|  0|   39|           5|          32|
    |j_2_14_fu_11464_p2                 |     +    |      0|  0|   39|           6|          32|
    |j_2_15_fu_11493_p2                 |     +    |      0|  0|   39|           6|          32|
    |j_2_16_fu_11522_p2                 |     +    |      0|  0|   39|           6|          32|
    |j_2_17_fu_11551_p2                 |     +    |      0|  0|   39|           6|          32|
    |j_2_18_fu_11580_p2                 |     +    |      0|  0|   39|           6|          32|
    |j_2_19_fu_11609_p2                 |     +    |      0|  0|   39|           6|          32|
    |j_2_1_fu_11058_p2                  |     +    |      0|  0|   39|           3|          32|
    |j_2_20_fu_11638_p2                 |     +    |      0|  0|   39|           6|          32|
    |j_2_21_fu_11667_p2                 |     +    |      0|  0|   39|           6|          32|
    |j_2_22_fu_11696_p2                 |     +    |      0|  0|   39|           6|          32|
    |j_2_23_fu_11725_p2                 |     +    |      0|  0|   39|           6|          32|
    |j_2_24_fu_11754_p2                 |     +    |      0|  0|   39|           6|          32|
    |j_2_25_fu_11783_p2                 |     +    |      0|  0|   39|           6|          32|
    |j_2_26_fu_11812_p2                 |     +    |      0|  0|   39|           6|          32|
    |j_2_27_fu_11841_p2                 |     +    |      0|  0|   39|           6|          32|
    |j_2_28_fu_11870_p2                 |     +    |      0|  0|   39|           6|          32|
    |j_2_29_fu_11899_p2                 |     +    |      0|  0|   39|           6|          32|
    |j_2_2_fu_11087_p2                  |     +    |      0|  0|   39|           3|          32|
    |j_2_30_fu_11928_p2                 |     +    |      0|  0|   39|           7|          32|
    |j_2_31_fu_11957_p2                 |     +    |      0|  0|   39|           7|          32|
    |j_2_32_fu_11986_p2                 |     +    |      0|  0|   39|           7|          32|
    |j_2_33_fu_12015_p2                 |     +    |      0|  0|   39|           7|          32|
    |j_2_34_fu_12044_p2                 |     +    |      0|  0|   39|           7|          32|
    |j_2_35_fu_12073_p2                 |     +    |      0|  0|   39|           7|          32|
    |j_2_36_fu_12102_p2                 |     +    |      0|  0|   39|           7|          32|
    |j_2_37_fu_12131_p2                 |     +    |      0|  0|   39|           7|          32|
    |j_2_38_fu_12160_p2                 |     +    |      0|  0|   39|           7|          32|
    |j_2_39_fu_12189_p2                 |     +    |      0|  0|   39|           7|          32|
    |j_2_3_fu_11116_p2                  |     +    |      0|  0|   39|           4|          32|
    |j_2_40_fu_12218_p2                 |     +    |      0|  0|   39|           7|          32|
    |j_2_41_fu_12247_p2                 |     +    |      0|  0|   39|           7|          32|
    |j_2_42_fu_12276_p2                 |     +    |      0|  0|   39|           7|          32|
    |j_2_43_fu_12305_p2                 |     +    |      0|  0|   39|           7|          32|
    |j_2_44_fu_12334_p2                 |     +    |      0|  0|   39|           7|          32|
    |j_2_45_fu_12363_p2                 |     +    |      0|  0|   39|           7|          32|
    |j_2_46_fu_12392_p2                 |     +    |      0|  0|   39|           7|          32|
    |j_2_47_fu_12421_p2                 |     +    |      0|  0|   39|           7|          32|
    |j_2_48_fu_12450_p2                 |     +    |      0|  0|   39|           7|          32|
    |j_2_49_fu_12479_p2                 |     +    |      0|  0|   39|           7|          32|
    |j_2_4_fu_11145_p2                  |     +    |      0|  0|   39|           4|          32|
    |j_2_50_fu_12508_p2                 |     +    |      0|  0|   39|           7|          32|
    |j_2_51_fu_12537_p2                 |     +    |      0|  0|   39|           7|          32|
    |j_2_52_fu_12566_p2                 |     +    |      0|  0|   39|           7|          32|
    |j_2_53_fu_12595_p2                 |     +    |      0|  0|   39|           7|          32|
    |j_2_54_fu_12624_p2                 |     +    |      0|  0|   39|           7|          32|
    |j_2_55_fu_12653_p2                 |     +    |      0|  0|   39|           7|          32|
    |j_2_56_fu_12682_p2                 |     +    |      0|  0|   39|           7|          32|
    |j_2_57_fu_12711_p2                 |     +    |      0|  0|   39|           7|          32|
    |j_2_58_fu_12740_p2                 |     +    |      0|  0|   39|           7|          32|
    |j_2_59_fu_12769_p2                 |     +    |      0|  0|   39|           7|          32|
    |j_2_5_fu_11174_p2                  |     +    |      0|  0|   39|           4|          32|
    |j_2_60_fu_12798_p2                 |     +    |      0|  0|   39|           7|          32|
    |j_2_61_fu_12827_p2                 |     +    |      0|  0|   39|           7|          32|
    |j_2_62_fu_12856_p2                 |     +    |      0|  0|   39|           8|          32|
    |j_2_6_fu_11203_p2                  |     +    |      0|  0|   39|           4|          32|
    |j_2_7_fu_11232_p2                  |     +    |      0|  0|   39|           5|          32|
    |j_2_8_fu_11261_p2                  |     +    |      0|  0|   39|           5|          32|
    |j_2_9_fu_11290_p2                  |     +    |      0|  0|   39|           5|          32|
    |j_2_fu_11032_p2                    |     +    |      0|  0|   39|          32|           2|
    |j_2_s_fu_11319_p2                  |     +    |      0|  0|   39|           5|          32|
    |p_i0_1_fu_10565_p2                 |     +    |      0|  0|   15|           7|           1|
    |p_i0_2_fu_12895_p2                 |     +    |      0|  0|   15|           7|           1|
    |p_i0_3_fu_12912_p2                 |     +    |      0|  0|   15|           7|           1|
    |p_i0_fu_10496_p2                   |     +    |      0|  0|   15|           7|           1|
    |ap_block_state214_on_subcall_done  |    and   |      0|  0|    8|           1|           1|
    |exitcond_fu_10516_p2               |   icmp   |      0|  0|   13|          11|          12|
    |icmp12_fu_10712_p2                 |   icmp   |      0|  0|   18|          28|           1|
    |icmp15_fu_10818_p2                 |   icmp   |      0|  0|   18|          27|           1|
    |icmp18_fu_11020_p2                 |   icmp   |      0|  0|   18|          26|           1|
    |icmp21_fu_10544_p2                 |   icmp   |      0|  0|   18|          31|           1|
    |icmp24_fu_12953_p2                 |   icmp   |      0|  0|   18|          30|           1|
    |icmp27_fu_13041_p2                 |   icmp   |      0|  0|   18|          29|           1|
    |icmp30_fu_13255_p2                 |   icmp   |      0|  0|   18|          28|           1|
    |icmp33_fu_13865_p2                 |   icmp   |      0|  0|   18|          27|           1|
    |icmp36_fu_15843_p2                 |   icmp   |      0|  0|   18|          26|           1|
    |icmp6_fu_10620_p2                  |   icmp   |      0|  0|   18|          30|           1|
    |icmp9_fu_10654_p2                  |   icmp   |      0|  0|   18|          29|           1|
    |icmp_fu_10600_p2                   |   icmp   |      0|  0|   18|          31|           1|
    |tmp_4_fu_10559_p2                  |   icmp   |      0|  0|   11|           7|           7|
    |tmp_5_fu_10576_p2                  |   icmp   |      0|  0|   18|          32|           1|
    |tmp_73_10_fu_13239_p2              |   icmp   |      0|  0|   18|          32|           4|
    |tmp_73_11_fu_13285_p2              |   icmp   |      0|  0|   18|          32|           5|
    |tmp_73_12_fu_13316_p2              |   icmp   |      0|  0|   18|          32|           5|
    |tmp_73_13_fu_13348_p2              |   icmp   |      0|  0|   18|          32|           5|
    |tmp_73_14_fu_13381_p2              |   icmp   |      0|  0|   18|          32|           5|
    |tmp_73_15_fu_13415_p2              |   icmp   |      0|  0|   18|          32|           5|
    |tmp_73_16_fu_13450_p2              |   icmp   |      0|  0|   18|          32|           5|
    |tmp_73_17_fu_13486_p2              |   icmp   |      0|  0|   18|          32|           5|
    |tmp_73_18_fu_13523_p2              |   icmp   |      0|  0|   18|          32|           5|
    |tmp_73_19_fu_13561_p2              |   icmp   |      0|  0|   18|          32|           5|
    |tmp_73_1_fu_13135_p2               |   icmp   |      0|  0|   18|          32|           4|
    |tmp_73_20_fu_13600_p2              |   icmp   |      0|  0|   18|          32|           5|
    |tmp_73_21_fu_13640_p2              |   icmp   |      0|  0|   18|          32|           5|
    |tmp_73_22_fu_13681_p2              |   icmp   |      0|  0|   18|          32|           5|
    |tmp_73_23_fu_13723_p2              |   icmp   |      0|  0|   18|          32|           5|
    |tmp_73_24_fu_13766_p2              |   icmp   |      0|  0|   18|          32|           5|
    |tmp_73_25_fu_13849_p2              |   icmp   |      0|  0|   18|          32|           5|
    |tmp_73_26_fu_13911_p2              |   icmp   |      0|  0|   18|          32|           6|
    |tmp_73_27_fu_13958_p2              |   icmp   |      0|  0|   18|          32|           6|
    |tmp_73_28_fu_14006_p2              |   icmp   |      0|  0|   18|          32|           6|
    |tmp_73_29_fu_14055_p2              |   icmp   |      0|  0|   18|          32|           6|
    |tmp_73_2_fu_12937_p2               |   icmp   |      0|  0|   18|          32|           2|
    |tmp_73_30_fu_14105_p2              |   icmp   |      0|  0|   18|          32|           6|
    |tmp_73_31_fu_14156_p2              |   icmp   |      0|  0|   18|          32|           6|
    |tmp_73_32_fu_14208_p2              |   icmp   |      0|  0|   18|          32|           6|
    |tmp_73_33_fu_14261_p2              |   icmp   |      0|  0|   18|          32|           6|
    |tmp_73_34_fu_14315_p2              |   icmp   |      0|  0|   18|          32|           6|
    |tmp_73_35_fu_14370_p2              |   icmp   |      0|  0|   18|          32|           6|
    |tmp_73_36_fu_14426_p2              |   icmp   |      0|  0|   18|          32|           6|
    |tmp_73_37_fu_14483_p2              |   icmp   |      0|  0|   18|          32|           6|
    |tmp_73_38_fu_14541_p2              |   icmp   |      0|  0|   18|          32|           6|
    |tmp_73_39_fu_14600_p2              |   icmp   |      0|  0|   18|          32|           6|
    |tmp_73_3_fu_13161_p2               |   icmp   |      0|  0|   18|          32|           4|
    |tmp_73_40_fu_14660_p2              |   icmp   |      0|  0|   18|          32|           6|
    |tmp_73_41_fu_14721_p2              |   icmp   |      0|  0|   18|          32|           6|
    |tmp_73_42_fu_14783_p2              |   icmp   |      0|  0|   18|          32|           6|
    |tmp_73_43_fu_14846_p2              |   icmp   |      0|  0|   18|          32|           6|
    |tmp_73_44_fu_14910_p2              |   icmp   |      0|  0|   18|          32|           6|
    |tmp_73_45_fu_14975_p2              |   icmp   |      0|  0|   18|          32|           6|
    |tmp_73_46_fu_15041_p2              |   icmp   |      0|  0|   18|          32|           6|
    |tmp_73_47_fu_15108_p2              |   icmp   |      0|  0|   18|          32|           6|
    |tmp_73_48_fu_15176_p2              |   icmp   |      0|  0|   18|          32|           6|
    |tmp_73_49_fu_15245_p2              |   icmp   |      0|  0|   18|          32|           6|
    |tmp_73_4_fu_12971_p2               |   icmp   |      0|  0|   18|          32|           3|
    |tmp_73_50_fu_15315_p2              |   icmp   |      0|  0|   18|          32|           6|
    |tmp_73_51_fu_15386_p2              |   icmp   |      0|  0|   18|          32|           6|
    |tmp_73_52_fu_15458_p2              |   icmp   |      0|  0|   18|          32|           6|
    |tmp_73_53_fu_15531_p2              |   icmp   |      0|  0|   18|          32|           6|
    |tmp_73_54_fu_15605_p2              |   icmp   |      0|  0|   18|          32|           6|
    |tmp_73_55_fu_15680_p2              |   icmp   |      0|  0|   18|          32|           6|
    |tmp_73_56_fu_15827_p2              |   icmp   |      0|  0|   18|          32|           6|
    |tmp_73_5_fu_12990_p2               |   icmp   |      0|  0|   18|          32|           3|
    |tmp_73_6_fu_13025_p2               |   icmp   |      0|  0|   18|          32|           3|
    |tmp_73_7_fu_13188_p2               |   icmp   |      0|  0|   18|          32|           4|
    |tmp_73_8_fu_13063_p2               |   icmp   |      0|  0|   18|          32|           4|
    |tmp_73_9_fu_13086_p2               |   icmp   |      0|  0|   18|          32|           4|
    |tmp_73_fu_10528_p2                 |   icmp   |      0|  0|   18|          32|           1|
    |tmp_73_s_fu_13110_p2               |   icmp   |      0|  0|   18|          32|           4|
    |tmp_7_fu_12889_p2                  |   icmp   |      0|  0|   11|           7|           7|
    |tmp_8_fu_12906_p2                  |   icmp   |      0|  0|   11|           7|           7|
    |tmp_90_10_fu_10696_p2              |   icmp   |      0|  0|   18|          32|           4|
    |tmp_90_11_fu_10718_p2              |   icmp   |      0|  0|   18|          32|           5|
    |tmp_90_12_fu_10724_p2              |   icmp   |      0|  0|   18|          32|           5|
    |tmp_90_13_fu_10730_p2              |   icmp   |      0|  0|   18|          32|           5|
    |tmp_90_14_fu_10736_p2              |   icmp   |      0|  0|   18|          32|           5|
    |tmp_90_15_fu_10742_p2              |   icmp   |      0|  0|   18|          32|           5|
    |tmp_90_16_fu_10748_p2              |   icmp   |      0|  0|   18|          32|           5|
    |tmp_90_17_fu_10754_p2              |   icmp   |      0|  0|   18|          32|           5|
    |tmp_90_18_fu_10760_p2              |   icmp   |      0|  0|   18|          32|           5|
    |tmp_90_19_fu_10766_p2              |   icmp   |      0|  0|   18|          32|           5|
    |tmp_90_1_fu_10678_p2               |   icmp   |      0|  0|   18|          32|           4|
    |tmp_90_20_fu_10772_p2              |   icmp   |      0|  0|   18|          32|           5|
    |tmp_90_21_fu_10778_p2              |   icmp   |      0|  0|   18|          32|           5|
    |tmp_90_22_fu_10784_p2              |   icmp   |      0|  0|   18|          32|           5|
    |tmp_90_23_fu_10790_p2              |   icmp   |      0|  0|   18|          32|           5|
    |tmp_90_24_fu_10796_p2              |   icmp   |      0|  0|   18|          32|           5|
    |tmp_90_25_fu_10802_p2              |   icmp   |      0|  0|   18|          32|           5|
    |tmp_90_26_fu_10824_p2              |   icmp   |      0|  0|   18|          32|           6|
    |tmp_90_27_fu_10830_p2              |   icmp   |      0|  0|   18|          32|           6|
    |tmp_90_28_fu_10836_p2              |   icmp   |      0|  0|   18|          32|           6|
    |tmp_90_29_fu_10842_p2              |   icmp   |      0|  0|   18|          32|           6|
    |tmp_90_2_fu_10606_p2               |   icmp   |      0|  0|   18|          32|           2|
    |tmp_90_30_fu_10848_p2              |   icmp   |      0|  0|   18|          32|           6|
    |tmp_90_31_fu_10854_p2              |   icmp   |      0|  0|   18|          32|           6|
    |tmp_90_32_fu_10860_p2              |   icmp   |      0|  0|   18|          32|           6|
    |tmp_90_33_fu_10866_p2              |   icmp   |      0|  0|   18|          32|           6|
    |tmp_90_34_fu_10872_p2              |   icmp   |      0|  0|   18|          32|           6|
    |tmp_90_35_fu_10878_p2              |   icmp   |      0|  0|   18|          32|           6|
    |tmp_90_36_fu_10884_p2              |   icmp   |      0|  0|   18|          32|           6|
    |tmp_90_37_fu_10890_p2              |   icmp   |      0|  0|   18|          32|           6|
    |tmp_90_38_fu_10896_p2              |   icmp   |      0|  0|   18|          32|           6|
    |tmp_90_39_fu_10902_p2              |   icmp   |      0|  0|   18|          32|           6|
    |tmp_90_3_fu_10684_p2               |   icmp   |      0|  0|   18|          32|           4|
    |tmp_90_40_fu_10908_p2              |   icmp   |      0|  0|   18|          32|           6|
    |tmp_90_41_fu_10914_p2              |   icmp   |      0|  0|   18|          32|           6|
    |tmp_90_42_fu_10920_p2              |   icmp   |      0|  0|   18|          32|           6|
    |tmp_90_43_fu_10926_p2              |   icmp   |      0|  0|   18|          32|           6|
    |tmp_90_44_fu_10932_p2              |   icmp   |      0|  0|   18|          32|           6|
    |tmp_90_45_fu_10938_p2              |   icmp   |      0|  0|   18|          32|           6|
    |tmp_90_46_fu_10944_p2              |   icmp   |      0|  0|   18|          32|           6|
    |tmp_90_47_fu_10950_p2              |   icmp   |      0|  0|   18|          32|           6|
    |tmp_90_48_fu_10956_p2              |   icmp   |      0|  0|   18|          32|           6|
    |tmp_90_49_fu_10962_p2              |   icmp   |      0|  0|   18|          32|           6|
    |tmp_90_4_fu_10626_p2               |   icmp   |      0|  0|   18|          32|           3|
    |tmp_90_50_fu_10968_p2              |   icmp   |      0|  0|   18|          32|           6|
    |tmp_90_51_fu_10974_p2              |   icmp   |      0|  0|   18|          32|           6|
    |tmp_90_52_fu_10980_p2              |   icmp   |      0|  0|   18|          32|           6|
    |tmp_90_53_fu_10986_p2              |   icmp   |      0|  0|   18|          32|           6|
    |tmp_90_54_fu_10992_p2              |   icmp   |      0|  0|   18|          32|           6|
    |tmp_90_55_fu_10998_p2              |   icmp   |      0|  0|   18|          32|           6|
    |tmp_90_56_fu_11004_p2              |   icmp   |      0|  0|   18|          32|           6|
    |tmp_90_57_fu_11026_p2              |   icmp   |      0|  0|   18|          32|           7|
    |tmp_90_5_fu_10632_p2               |   icmp   |      0|  0|   18|          32|           3|
    |tmp_90_6_fu_10638_p2               |   icmp   |      0|  0|   18|          32|           3|
    |tmp_90_7_fu_10690_p2               |   icmp   |      0|  0|   18|          32|           4|
    |tmp_90_8_fu_10660_p2               |   icmp   |      0|  0|   18|          32|           4|
    |tmp_90_9_fu_10666_p2               |   icmp   |      0|  0|   18|          32|           4|
    |tmp_90_s_fu_10672_p2               |   icmp   |      0|  0|   18|          32|           4|
    |tmp_96_10_fu_11334_p2              |   icmp   |      0|  0|   18|          32|           1|
    |tmp_96_11_fu_11363_p2              |   icmp   |      0|  0|   18|          32|           1|
    |tmp_96_12_fu_11392_p2              |   icmp   |      0|  0|   18|          32|           1|
    |tmp_96_13_fu_11421_p2              |   icmp   |      0|  0|   18|          32|           1|
    |tmp_96_14_fu_11450_p2              |   icmp   |      0|  0|   18|          32|           1|
    |tmp_96_15_fu_11479_p2              |   icmp   |      0|  0|   18|          32|           1|
    |tmp_96_16_fu_11508_p2              |   icmp   |      0|  0|   18|          32|           1|
    |tmp_96_17_fu_11537_p2              |   icmp   |      0|  0|   18|          32|           1|
    |tmp_96_18_fu_11566_p2              |   icmp   |      0|  0|   18|          32|           1|
    |tmp_96_19_fu_11595_p2              |   icmp   |      0|  0|   18|          32|           1|
    |tmp_96_1_fu_11043_p2               |   icmp   |      0|  0|   18|          32|           1|
    |tmp_96_20_fu_11624_p2              |   icmp   |      0|  0|   18|          32|           1|
    |tmp_96_21_fu_11653_p2              |   icmp   |      0|  0|   18|          32|           1|
    |tmp_96_22_fu_11682_p2              |   icmp   |      0|  0|   18|          32|           1|
    |tmp_96_23_fu_11711_p2              |   icmp   |      0|  0|   18|          32|           1|
    |tmp_96_24_fu_11740_p2              |   icmp   |      0|  0|   18|          32|           1|
    |tmp_96_25_fu_11769_p2              |   icmp   |      0|  0|   18|          32|           1|
    |tmp_96_26_fu_11798_p2              |   icmp   |      0|  0|   18|          32|           1|
    |tmp_96_27_fu_11827_p2              |   icmp   |      0|  0|   18|          32|           1|
    |tmp_96_28_fu_11856_p2              |   icmp   |      0|  0|   18|          32|           1|
    |tmp_96_29_fu_11885_p2              |   icmp   |      0|  0|   18|          32|           1|
    |tmp_96_2_fu_11073_p2               |   icmp   |      0|  0|   18|          32|           1|
    |tmp_96_30_fu_11914_p2              |   icmp   |      0|  0|   18|          32|           1|
    |tmp_96_31_fu_11943_p2              |   icmp   |      0|  0|   18|          32|           1|
    |tmp_96_32_fu_11972_p2              |   icmp   |      0|  0|   18|          32|           1|
    |tmp_96_33_fu_12001_p2              |   icmp   |      0|  0|   18|          32|           1|
    |tmp_96_34_fu_12030_p2              |   icmp   |      0|  0|   18|          32|           1|
    |tmp_96_35_fu_12059_p2              |   icmp   |      0|  0|   18|          32|           1|
    |tmp_96_36_fu_12088_p2              |   icmp   |      0|  0|   18|          32|           1|
    |tmp_96_37_fu_12117_p2              |   icmp   |      0|  0|   18|          32|           1|
    |tmp_96_38_fu_12146_p2              |   icmp   |      0|  0|   18|          32|           1|
    |tmp_96_39_fu_12175_p2              |   icmp   |      0|  0|   18|          32|           1|
    |tmp_96_3_fu_11102_p2               |   icmp   |      0|  0|   18|          32|           1|
    |tmp_96_40_fu_12204_p2              |   icmp   |      0|  0|   18|          32|           1|
    |tmp_96_41_fu_12233_p2              |   icmp   |      0|  0|   18|          32|           1|
    |tmp_96_42_fu_12262_p2              |   icmp   |      0|  0|   18|          32|           1|
    |tmp_96_43_fu_12291_p2              |   icmp   |      0|  0|   18|          32|           1|
    |tmp_96_44_fu_12320_p2              |   icmp   |      0|  0|   18|          32|           1|
    |tmp_96_45_fu_12349_p2              |   icmp   |      0|  0|   18|          32|           1|
    |tmp_96_46_fu_12378_p2              |   icmp   |      0|  0|   18|          32|           1|
    |tmp_96_47_fu_12407_p2              |   icmp   |      0|  0|   18|          32|           1|
    |tmp_96_48_fu_12436_p2              |   icmp   |      0|  0|   18|          32|           1|
    |tmp_96_49_fu_12465_p2              |   icmp   |      0|  0|   18|          32|           1|
    |tmp_96_4_fu_11131_p2               |   icmp   |      0|  0|   18|          32|           1|
    |tmp_96_50_fu_12494_p2              |   icmp   |      0|  0|   18|          32|           1|
    |tmp_96_51_fu_12523_p2              |   icmp   |      0|  0|   18|          32|           1|
    |tmp_96_52_fu_12552_p2              |   icmp   |      0|  0|   18|          32|           1|
    |tmp_96_53_fu_12581_p2              |   icmp   |      0|  0|   18|          32|           1|
    |tmp_96_54_fu_12610_p2              |   icmp   |      0|  0|   18|          32|           1|
    |tmp_96_55_fu_12639_p2              |   icmp   |      0|  0|   18|          32|           1|
    |tmp_96_56_fu_12668_p2              |   icmp   |      0|  0|   18|          32|           1|
    |tmp_96_57_fu_12697_p2              |   icmp   |      0|  0|   18|          32|           1|
    |tmp_96_58_fu_12726_p2              |   icmp   |      0|  0|   18|          32|           1|
    |tmp_96_59_fu_12755_p2              |   icmp   |      0|  0|   18|          32|           1|
    |tmp_96_5_fu_11160_p2               |   icmp   |      0|  0|   18|          32|           1|
    |tmp_96_60_fu_12784_p2              |   icmp   |      0|  0|   18|          32|           1|
    |tmp_96_61_fu_12813_p2              |   icmp   |      0|  0|   18|          32|           1|
    |tmp_96_62_fu_12842_p2              |   icmp   |      0|  0|   18|          32|           1|
    |tmp_96_6_fu_11189_p2               |   icmp   |      0|  0|   18|          32|           1|
    |tmp_96_7_fu_11218_p2               |   icmp   |      0|  0|   18|          32|           1|
    |tmp_96_8_fu_11247_p2               |   icmp   |      0|  0|   18|          32|           1|
    |tmp_96_9_fu_11276_p2               |   icmp   |      0|  0|   18|          32|           1|
    |tmp_96_s_fu_11305_p2               |   icmp   |      0|  0|   18|          32|           1|
    |tmp_fu_9529_p2                     |   icmp   |      0|  0|  179|        1024|           1|
    |tmp_s_fu_10490_p2                  |   icmp   |      0|  0|   11|           7|           7|
    |ap_block_state283_on_subcall_done  |    or    |      0|  0|    8|           1|           1|
    |ap_block_state34_on_subcall_done   |    or    |      0|  0|    8|           1|           1|
    |ap_block_state38_on_subcall_done   |    or    |      0|  0|    8|           1|           1|
    |ap_block_state77_on_subcall_done   |    or    |      0|  0|    8|           1|           1|
    +-----------------------------------+----------+-------+---+-----+------------+------------+
    |Total                              |          |      0|  0| 6306|        7631|        2753|
    +-----------------------------------+----------+-------+---+-----+------------+------------+

    * Multiplexer: 
    +--------------------------------------------------+------+-----------+------+-----------+
    |                       Name                       |  LUT | Input Size| Bits | Total Bits|
    +--------------------------------------------------+------+-----------+------+-----------+
    |agg_result_V_reg_9408                             |     9|          2|  1024|       2048|
    |ap_NS_fsm                                         |  1561|        354|     1|        354|
    |b_digits_data_V_address0                          |   169|         38|     7|        266|
    |b_digits_data_V_address1                          |   157|         35|     7|        245|
    |b_digits_data_V_ce0                               |    33|          6|     1|          6|
    |b_digits_data_V_ce1                               |    15|          3|     1|          3|
    |b_digits_data_V_d0                                |    93|         19|    32|        608|
    |b_digits_data_V_d1                                |    93|         19|    32|        608|
    |b_digits_size_1_fu_790                            |     9|          2|    32|         64|
    |e_digits_data_V_address0                          |   309|         69|     7|        483|
    |e_digits_data_V_address1                          |   297|         66|     7|        462|
    |e_digits_data_V_ce0                               |    21|          4|     1|          4|
    |e_digits_data_V_d0                                |    93|         19|    32|        608|
    |e_digits_data_V_d1                                |    89|         18|    32|        576|
    |grp_divide_fu_9419_Bignum_64_32_digits_data_V_q0  |    21|          4|    32|        128|
    |grp_divide_fu_9419_Bignum_64_32_digits_size_read  |    21|          4|    32|        128|
    |grp_divide_fu_9419_q_digits_data_V_q0             |    21|          4|    32|        128|
    |grp_divide_fu_9419_r_digits_data_V_q0             |    21|          4|    32|        128|
    |grp_divide_fu_9419_r_digits_data_V_q1             |    21|          4|    32|        128|
    |grp_divide_fu_9419_v_digits_data_V_q0             |    21|          4|    32|        128|
    |grp_divide_fu_9419_v_digits_data_V_q1             |    21|          4|    32|        128|
    |grp_trim_fu_9453_Bignum_64_32_digits_data_V_q0    |    38|          7|    32|        224|
    |grp_trim_fu_9453_Bignum_64_32_digits_size_read    |    15|          3|    32|         96|
    |grp_trim_fu_9460_Bignum_64_32_digits_data_V_q0    |    27|          5|    32|        160|
    |grp_trim_fu_9467_Bignum_64_32_digits_data_V_q0    |    15|          3|    32|         96|
    |i9_reg_9227                                       |     9|          2|    11|         22|
    |j_fu_794                                          |    15|          3|    32|         96|
    |m_digits_data_V_address0                          |   441|        100|     7|        700|
    |m_digits_data_V_address1                          |   433|         98|     7|        686|
    |m_digits_data_V_ce0                               |    15|          3|     1|          3|
    |m_digits_data_V_d0                                |    89|         18|    32|        576|
    |m_digits_data_V_d1                                |    89|         18|    32|        576|
    |p_02_address0                                     |   157|         35|     7|        245|
    |p_02_address1                                     |   153|         34|     7|        238|
    |p_02_ce0                                          |    15|          3|     1|          3|
    |p_02_ce1                                          |    15|          3|     1|          3|
    |p_02_d0                                           |    15|          3|    32|         96|
    |p_02_we0                                          |    15|          3|     1|          3|
    |p_04_address0                                     |   157|         35|     7|        245|
    |p_04_address1                                     |   153|         34|     7|        238|
    |p_04_ce0                                          |    15|          3|     1|          3|
    |p_04_ce1                                          |    15|          3|     1|          3|
    |p_04_d0                                           |    15|          3|    32|         96|
    |p_04_we0                                          |    15|          3|     1|          3|
    |p_08_address0                                     |   153|         34|     7|        238|
    |p_08_address1                                     |   153|         34|     7|        238|
    |p_0_address0                                      |   157|         35|     7|        245|
    |p_0_address1                                      |   153|         34|     7|        238|
    |p_0_ce0                                           |    15|          3|     1|          3|
    |p_0_ce1                                           |    15|          3|     1|          3|
    |p_0_d0                                            |    97|         20|    32|        640|
    |p_0_d1                                            |    89|         18|    32|        576|
    |p_0_we0                                           |    15|          3|     1|          3|
    |p_i0_0_i_i1_reg_9216                              |     9|          2|     7|         14|
    |p_i0_0_i_i2_reg_9238                              |     9|          2|     7|         14|
    |p_i0_0_i_i3_reg_9249                              |     9|          2|     7|         14|
    |p_i0_0_i_i_reg_9260                               |     9|          2|     7|         14|
    |q_digits_data_V_1_address0                        |   157|         35|     7|        245|
    |q_digits_data_V_1_address1                        |   149|         33|     7|        231|
    |q_digits_data_V_1_ce0                             |    21|          4|     1|          4|
    |q_digits_data_V_1_d0                              |    15|          3|    32|         96|
    |q_digits_data_V_1_we0                             |    15|          3|     1|          3|
    |q_digits_data_V_2_address0                        |   157|         35|     7|        245|
    |q_digits_data_V_2_address1                        |   149|         33|     7|        231|
    |q_digits_data_V_2_ce0                             |    21|          4|     1|          4|
    |q_digits_data_V_2_d0                              |    15|          3|    32|         96|
    |q_digits_data_V_2_we0                             |    15|          3|     1|          3|
    |q_digits_data_V_address0                          |   157|         35|     7|        245|
    |q_digits_data_V_address1                          |   149|         33|     7|        231|
    |q_digits_data_V_ce0                               |    21|          4|     1|          4|
    |q_digits_data_V_d0                                |    15|          3|    32|         96|
    |q_digits_data_V_we0                               |    15|          3|     1|          3|
    |r_digits_data_V_1_address0                        |   161|         36|     7|        252|
    |r_digits_data_V_1_address1                        |   153|         34|     7|        238|
    |r_digits_data_V_1_ce0                             |    21|          4|     1|          4|
    |r_digits_data_V_1_ce1                             |    15|          3|     1|          3|
    |r_digits_data_V_1_d0                              |    15|          3|    32|         96|
    |r_digits_data_V_1_d1                              |    15|          3|    32|         96|
    |r_digits_data_V_1_we0                             |    15|          3|     1|          3|
    |r_digits_data_V_1_we1                             |    15|          3|     1|          3|
    |r_digits_data_V_2_address0                        |   161|         36|     7|        252|
    |r_digits_data_V_2_address1                        |   153|         34|     7|        238|
    |r_digits_data_V_2_ce0                             |    21|          4|     1|          4|
    |r_digits_data_V_2_ce1                             |    15|          3|     1|          3|
    |r_digits_data_V_2_d0                              |    15|          3|    32|         96|
    |r_digits_data_V_2_d1                              |    15|          3|    32|         96|
    |r_digits_data_V_2_we0                             |    15|          3|     1|          3|
    |r_digits_data_V_2_we1                             |    15|          3|     1|          3|
    |r_digits_data_V_address0                          |   161|         36|     7|        252|
    |r_digits_data_V_address1                          |   153|         34|     7|        238|
    |r_digits_data_V_ce0                               |    21|          4|     1|          4|
    |r_digits_data_V_ce1                               |    15|          3|     1|          3|
    |r_digits_data_V_d0                                |    15|          3|    32|         96|
    |r_digits_data_V_d1                                |    15|          3|    32|         96|
    |r_digits_data_V_we0                               |    15|          3|     1|          3|
    |r_digits_data_V_we1                               |    15|          3|     1|          3|
    |result_digits_data_s_address0                     |   305|         68|     7|        476|
    |result_digits_data_s_address1                     |   297|         66|     7|        462|
    |result_digits_data_s_ce0                          |    21|          4|     1|          4|
    |result_digits_data_s_ce1                          |    15|          3|     1|          3|
    |result_digits_data_s_d0                           |    15|          3|    32|         96|
    |result_digits_data_s_d1                           |    15|          3|    32|         96|
    |result_digits_size_1_fu_786                       |     9|          2|    32|         64|
    |tmp_69_lcssa_reg_9271                             |   293|         65|  2048|     133120|
    |u_digits_data_V_ass_1_address0                    |    15|          3|     7|         21|
    |u_digits_data_V_ass_1_ce0                         |    15|          3|     1|          3|
    |u_digits_data_V_ass_1_ce1                         |     9|          2|     1|          2|
    |u_digits_data_V_ass_1_we0                         |     9|          2|     1|          2|
    |u_digits_data_V_ass_1_we1                         |     9|          2|     1|          2|
    |u_digits_data_V_ass_2_address0                    |    15|          3|     7|         21|
    |u_digits_data_V_ass_2_ce0                         |    15|          3|     1|          3|
    |u_digits_data_V_ass_2_ce1                         |     9|          2|     1|          2|
    |u_digits_data_V_ass_2_we0                         |     9|          2|     1|          2|
    |u_digits_data_V_ass_2_we1                         |     9|          2|     1|          2|
    |u_digits_data_V_ass_address0                      |   589|        131|     7|        917|
    |u_digits_data_V_ass_address1                      |   585|        130|     7|        910|
    |u_digits_data_V_ass_ce0                           |    15|          3|     1|          3|
    |u_digits_data_V_ass_d0                            |   437|         99|    32|       3168|
    |u_digits_data_V_ass_d1                            |   157|         35|    32|       1120|
    |zero_digits_data_V_address0                       |   157|         35|     7|        245|
    |zero_digits_data_V_address1                       |   149|         33|     7|        231|
    |zero_digits_data_V_ce0                            |    21|          4|     1|          4|
    +--------------------------------------------------+------+-----------+------+-----------+
    |Total                                             | 11399|       2505|  4577|     158683|
    +--------------------------------------------------+------+-----------+------+-----------+

    * Register: 
    +------------------------------------------+------+----+------+-----------+
    |                   Name                   |  FF  | LUT| Bits | Const Bits|
    +------------------------------------------+------+----+------+-----------+
    |agg_result_V_reg_9408                     |  1024|   0|  1024|          0|
    |ap_CS_fsm                                 |   353|   0|   353|          0|
    |ap_reg_grp_divide_fu_9419_ap_start        |     1|   0|     1|          0|
    |ap_reg_grp_operator_1_fu_9438_ap_start    |     1|   0|     1|          0|
    |ap_reg_grp_operator_lt_fu_9445_ap_start   |     1|   0|     1|          0|
    |ap_reg_grp_operator_mul_fu_9429_ap_start  |     1|   0|     1|          0|
    |ap_reg_grp_trim_fu_9453_ap_start          |     1|   0|     1|          0|
    |ap_reg_grp_trim_fu_9460_ap_start          |     1|   0|     1|          0|
    |ap_reg_grp_trim_fu_9467_ap_start          |     1|   0|     1|          0|
    |b_digits_size_1_fu_790                    |    32|   0|    32|          0|
    |b_digits_size_4_reg_21757                 |    32|   0|    32|          0|
    |e_digits_data_V_loa_10_reg_20305          |    32|   0|    32|          0|
    |e_digits_data_V_loa_11_reg_20310          |    32|   0|    32|          0|
    |e_digits_data_V_loa_12_reg_20315          |    32|   0|    32|          0|
    |e_digits_data_V_loa_13_reg_20320          |    32|   0|    32|          0|
    |e_digits_data_V_loa_14_reg_20325          |    32|   0|    32|          0|
    |e_digits_data_V_loa_15_reg_20330          |    32|   0|    32|          0|
    |e_digits_data_V_loa_16_reg_20335          |    32|   0|    32|          0|
    |e_digits_data_V_loa_17_reg_20340          |    32|   0|    32|          0|
    |e_digits_data_V_loa_18_reg_20345          |    32|   0|    32|          0|
    |e_digits_data_V_loa_19_reg_20350          |    32|   0|    32|          0|
    |e_digits_data_V_loa_1_reg_20260           |    32|   0|    32|          0|
    |e_digits_data_V_loa_20_reg_20355          |    32|   0|    32|          0|
    |e_digits_data_V_loa_21_reg_20360          |    32|   0|    32|          0|
    |e_digits_data_V_loa_22_reg_20365          |    32|   0|    32|          0|
    |e_digits_data_V_loa_23_reg_20370          |    32|   0|    32|          0|
    |e_digits_data_V_loa_24_reg_20375          |    32|   0|    32|          0|
    |e_digits_data_V_loa_25_reg_20380          |    32|   0|    32|          0|
    |e_digits_data_V_loa_26_reg_20385          |    32|   0|    32|          0|
    |e_digits_data_V_loa_27_reg_20390          |    32|   0|    32|          0|
    |e_digits_data_V_loa_28_reg_20395          |    32|   0|    32|          0|
    |e_digits_data_V_loa_29_reg_20400          |    32|   0|    32|          0|
    |e_digits_data_V_loa_2_reg_20265           |    32|   0|    32|          0|
    |e_digits_data_V_loa_30_reg_20405          |    32|   0|    32|          0|
    |e_digits_data_V_loa_31_reg_20410          |    32|   0|    32|          0|
    |e_digits_data_V_loa_32_reg_20415          |    32|   0|    32|          0|
    |e_digits_data_V_loa_33_reg_20420          |    32|   0|    32|          0|
    |e_digits_data_V_loa_34_reg_20425          |    32|   0|    32|          0|
    |e_digits_data_V_loa_35_reg_20430          |    32|   0|    32|          0|
    |e_digits_data_V_loa_36_reg_20435          |    32|   0|    32|          0|
    |e_digits_data_V_loa_37_reg_20440          |    32|   0|    32|          0|
    |e_digits_data_V_loa_38_reg_20445          |    32|   0|    32|          0|
    |e_digits_data_V_loa_39_reg_20450          |    32|   0|    32|          0|
    |e_digits_data_V_loa_3_reg_20270           |    32|   0|    32|          0|
    |e_digits_data_V_loa_40_reg_20455          |    32|   0|    32|          0|
    |e_digits_data_V_loa_41_reg_20460          |    32|   0|    32|          0|
    |e_digits_data_V_loa_42_reg_20465          |    32|   0|    32|          0|
    |e_digits_data_V_loa_43_reg_20470          |    32|   0|    32|          0|
    |e_digits_data_V_loa_44_reg_20475          |    32|   0|    32|          0|
    |e_digits_data_V_loa_45_reg_20480          |    32|   0|    32|          0|
    |e_digits_data_V_loa_46_reg_20485          |    32|   0|    32|          0|
    |e_digits_data_V_loa_47_reg_20490          |    32|   0|    32|          0|
    |e_digits_data_V_loa_48_reg_20495          |    32|   0|    32|          0|
    |e_digits_data_V_loa_49_reg_20500          |    32|   0|    32|          0|
    |e_digits_data_V_loa_4_reg_20275           |    32|   0|    32|          0|
    |e_digits_data_V_loa_50_reg_20505          |    32|   0|    32|          0|
    |e_digits_data_V_loa_51_reg_20510          |    32|   0|    32|          0|
    |e_digits_data_V_loa_52_reg_20515          |    32|   0|    32|          0|
    |e_digits_data_V_loa_53_reg_20520          |    32|   0|    32|          0|
    |e_digits_data_V_loa_54_reg_20525          |    32|   0|    32|          0|
    |e_digits_data_V_loa_55_reg_20530          |    32|   0|    32|          0|
    |e_digits_data_V_loa_56_reg_20535          |    32|   0|    32|          0|
    |e_digits_data_V_loa_57_reg_20540          |    32|   0|    32|          0|
    |e_digits_data_V_loa_58_reg_20545          |    32|   0|    32|          0|
    |e_digits_data_V_loa_59_reg_20550          |    32|   0|    32|          0|
    |e_digits_data_V_loa_5_reg_20280           |    32|   0|    32|          0|
    |e_digits_data_V_loa_60_reg_20555          |    32|   0|    32|          0|
    |e_digits_data_V_loa_61_reg_20560          |    32|   0|    32|          0|
    |e_digits_data_V_loa_62_reg_20565          |    32|   0|    32|          0|
    |e_digits_data_V_loa_63_reg_20570          |    32|   0|    32|          0|
    |e_digits_data_V_loa_6_reg_20285           |    32|   0|    32|          0|
    |e_digits_data_V_loa_7_reg_20290           |    32|   0|    32|          0|
    |e_digits_data_V_loa_8_reg_20295           |    32|   0|    32|          0|
    |e_digits_data_V_loa_9_reg_20300           |    32|   0|    32|          0|
    |e_digits_size_s_reg_17513                 |    32|   0|    32|          0|
    |i9_reg_9227                               |    11|   0|    11|          0|
    |i_reg_20217                               |    11|   0|    11|          0|
    |icmp21_reg_20225                          |     1|   0|     1|          0|
    |icmp24_reg_21926                          |     1|   0|     1|          0|
    |icmp27_reg_22215                          |     1|   0|     1|          0|
    |icmp30_reg_22746                          |     1|   0|     1|          0|
    |icmp33_reg_23617                          |     1|   0|     1|          0|
    |icmp36_reg_24592                          |     1|   0|     1|          0|
    |j_fu_794                                  |    32|   0|    32|          0|
    |j_load_2_reg_20579                        |    32|   0|    32|          0|
    |j_load_6_reg_21729                        |    32|   0|    32|          0|
    |m_digits_size_s_reg_17462                 |    32|   0|    32|          0|
    |p_i0_0_i_i1_cast4_reg_17523               |     7|   0|    64|         57|
    |p_i0_0_i_i1_reg_9216                      |     7|   0|     7|          0|
    |p_i0_0_i_i2_cast3_reg_20242               |     7|   0|    64|         57|
    |p_i0_0_i_i2_reg_9238                      |     7|   0|     7|          0|
    |p_i0_0_i_i3_cast2_reg_21734               |     7|   0|    64|         57|
    |p_i0_0_i_i3_reg_9249                      |     7|   0|     7|          0|
    |p_i0_0_i_i_cast1_reg_21762                |     7|   0|    64|         57|
    |p_i0_0_i_i_reg_9260                       |     7|   0|     7|          0|
    |p_i0_1_reg_20250                          |     7|   0|     7|          0|
    |p_i0_2_reg_21742                          |     7|   0|     7|          0|
    |p_i0_3_reg_21770                          |     7|   0|     7|          0|
    |p_i0_reg_17531                            |     7|   0|     7|          0|
    |phitmp48_10_reg_16042                     |    32|   0|    32|          0|
    |phitmp48_11_reg_16047                     |    32|   0|    32|          0|
    |phitmp48_12_reg_16052                     |    32|   0|    32|          0|
    |phitmp48_13_reg_16057                     |    32|   0|    32|          0|
    |phitmp48_14_reg_16062                     |    32|   0|    32|          0|
    |phitmp48_15_reg_16067                     |    32|   0|    32|          0|
    |phitmp48_16_reg_16072                     |    32|   0|    32|          0|
    |phitmp48_17_reg_16077                     |    32|   0|    32|          0|
    |phitmp48_18_reg_16082                     |    32|   0|    32|          0|
    |phitmp48_19_reg_16087                     |    32|   0|    32|          0|
    |phitmp48_20_reg_16092                     |    32|   0|    32|          0|
    |phitmp48_21_reg_16097                     |    32|   0|    32|          0|
    |phitmp48_22_reg_16102                     |    32|   0|    32|          0|
    |phitmp48_23_reg_16107                     |    32|   0|    32|          0|
    |phitmp48_24_reg_16112                     |    32|   0|    32|          0|
    |phitmp48_25_reg_16117                     |    32|   0|    32|          0|
    |phitmp48_26_reg_16122                     |    32|   0|    32|          0|
    |phitmp48_27_reg_16127                     |    32|   0|    32|          0|
    |phitmp48_28_reg_16132                     |    32|   0|    32|          0|
    |phitmp48_29_reg_16137                     |    32|   0|    32|          0|
    |phitmp48_2_reg_15997                      |    32|   0|    32|          0|
    |phitmp48_30_reg_16142                     |    32|   0|    32|          0|
    |phitmp48_3_reg_16002                      |    32|   0|    32|          0|
    |phitmp48_4_reg_16007                      |    32|   0|    32|          0|
    |phitmp48_5_reg_16012                      |    32|   0|    32|          0|
    |phitmp48_6_reg_16017                      |    32|   0|    32|          0|
    |phitmp48_7_reg_16022                      |    32|   0|    32|          0|
    |phitmp48_8_reg_16027                      |    32|   0|    32|          0|
    |phitmp48_9_reg_16032                      |    32|   0|    32|          0|
    |phitmp48_s_reg_16037                      |    32|   0|    32|          0|
    |phitmp49_10_reg_16203                     |    32|   0|    32|          0|
    |phitmp49_11_reg_16208                     |    32|   0|    32|          0|
    |phitmp49_12_reg_16213                     |    32|   0|    32|          0|
    |phitmp49_13_reg_16218                     |    32|   0|    32|          0|
    |phitmp49_14_reg_16223                     |    32|   0|    32|          0|
    |phitmp49_15_reg_16228                     |    32|   0|    32|          0|
    |phitmp49_16_reg_16233                     |    32|   0|    32|          0|
    |phitmp49_17_reg_16238                     |    32|   0|    32|          0|
    |phitmp49_18_reg_16243                     |    32|   0|    32|          0|
    |phitmp49_19_reg_16248                     |    32|   0|    32|          0|
    |phitmp49_20_reg_16253                     |    32|   0|    32|          0|
    |phitmp49_21_reg_16258                     |    32|   0|    32|          0|
    |phitmp49_22_reg_16263                     |    32|   0|    32|          0|
    |phitmp49_23_reg_16268                     |    32|   0|    32|          0|
    |phitmp49_24_reg_16273                     |    32|   0|    32|          0|
    |phitmp49_25_reg_16278                     |    32|   0|    32|          0|
    |phitmp49_26_reg_16283                     |    32|   0|    32|          0|
    |phitmp49_27_reg_16288                     |    32|   0|    32|          0|
    |phitmp49_28_reg_16293                     |    32|   0|    32|          0|
    |phitmp49_29_reg_16298                     |    32|   0|    32|          0|
    |phitmp49_2_reg_16158                      |    32|   0|    32|          0|
    |phitmp49_30_reg_16303                     |    32|   0|    32|          0|
    |phitmp49_3_reg_16163                      |    32|   0|    32|          0|
    |phitmp49_4_reg_16168                      |    32|   0|    32|          0|
    |phitmp49_5_reg_16173                      |    32|   0|    32|          0|
    |phitmp49_6_reg_16178                      |    32|   0|    32|          0|
    |phitmp49_7_reg_16183                      |    32|   0|    32|          0|
    |phitmp49_8_reg_16188                      |    32|   0|    32|          0|
    |phitmp49_9_reg_16193                      |    32|   0|    32|          0|
    |phitmp49_s_reg_16198                      |    32|   0|    32|          0|
    |phitmp50_10_reg_16374                     |    32|   0|    32|          0|
    |phitmp50_11_reg_16380                     |    32|   0|    32|          0|
    |phitmp50_12_reg_16386                     |    32|   0|    32|          0|
    |phitmp50_13_reg_16392                     |    32|   0|    32|          0|
    |phitmp50_14_reg_16398                     |    32|   0|    32|          0|
    |phitmp50_15_reg_16404                     |    32|   0|    32|          0|
    |phitmp50_16_reg_16410                     |    32|   0|    32|          0|
    |phitmp50_17_reg_16416                     |    32|   0|    32|          0|
    |phitmp50_18_reg_16422                     |    32|   0|    32|          0|
    |phitmp50_19_reg_16428                     |    32|   0|    32|          0|
    |phitmp50_20_reg_16434                     |    32|   0|    32|          0|
    |phitmp50_21_reg_16440                     |    32|   0|    32|          0|
    |phitmp50_22_reg_16446                     |    32|   0|    32|          0|
    |phitmp50_23_reg_16452                     |    32|   0|    32|          0|
    |phitmp50_24_reg_16458                     |    32|   0|    32|          0|
    |phitmp50_25_reg_16464                     |    32|   0|    32|          0|
    |phitmp50_26_reg_16470                     |    32|   0|    32|          0|
    |phitmp50_27_reg_16476                     |    32|   0|    32|          0|
    |phitmp50_28_reg_16482                     |    32|   0|    32|          0|
    |phitmp50_29_reg_16488                     |    32|   0|    32|          0|
    |phitmp50_2_reg_16320                      |    32|   0|    32|          0|
    |phitmp50_30_reg_16494                     |    32|   0|    32|          0|
    |phitmp50_3_reg_16326                      |    32|   0|    32|          0|
    |phitmp50_4_reg_16332                      |    32|   0|    32|          0|
    |phitmp50_5_reg_16338                      |    32|   0|    32|          0|
    |phitmp50_6_reg_16344                      |    32|   0|    32|          0|
    |phitmp50_7_reg_16350                      |    32|   0|    32|          0|
    |phitmp50_8_reg_16356                      |    32|   0|    32|          0|
    |phitmp50_9_reg_16362                      |    32|   0|    32|          0|
    |phitmp50_s_reg_16368                      |    32|   0|    32|          0|
    |reg_9498                                  |    32|   0|    32|          0|
    |reg_9503                                  |    32|   0|    32|          0|
    |reg_9507                                  |    32|   0|    32|          0|
    |reg_9512                                  |    32|   0|    32|          0|
    |reg_9517                                  |    32|   0|    32|          0|
    |reg_9523                                  |    32|   0|    32|          0|
    |result_digits_data_100_reg_23799          |    32|   0|    32|          0|
    |result_digits_data_101_reg_23841          |    32|   0|    32|          0|
    |result_digits_data_102_reg_23882          |    32|   0|    32|          0|
    |result_digits_data_103_reg_23922          |    32|   0|    32|          0|
    |result_digits_data_104_reg_23961          |    32|   0|    32|          0|
    |result_digits_data_105_reg_23999          |    32|   0|    32|          0|
    |result_digits_data_106_reg_24036          |    32|   0|    32|          0|
    |result_digits_data_107_reg_24072          |    32|   0|    32|          0|
    |result_digits_data_108_reg_24107          |    32|   0|    32|          0|
    |result_digits_data_109_reg_24141          |    32|   0|    32|          0|
    |result_digits_data_110_reg_24174          |    32|   0|    32|          0|
    |result_digits_data_111_reg_24206          |    32|   0|    32|          0|
    |result_digits_data_112_reg_24237          |    32|   0|    32|          0|
    |result_digits_data_113_reg_24267          |    32|   0|    32|          0|
    |result_digits_data_114_reg_24296          |    32|   0|    32|          0|
    |result_digits_data_115_reg_24324          |    32|   0|    32|          0|
    |result_digits_data_116_reg_24351          |    32|   0|    32|          0|
    |result_digits_data_117_reg_24377          |    32|   0|    32|          0|
    |result_digits_data_118_reg_24402          |    32|   0|    32|          0|
    |result_digits_data_119_reg_24426          |    32|   0|    32|          0|
    |result_digits_data_120_reg_24449          |    32|   0|    32|          0|
    |result_digits_data_121_reg_24471          |    32|   0|    32|          0|
    |result_digits_data_122_reg_24492          |    32|   0|    32|          0|
    |result_digits_data_123_reg_24512          |    32|   0|    32|          0|
    |result_digits_data_124_reg_24531          |    32|   0|    32|          0|
    |result_digits_data_125_reg_24549          |    32|   0|    32|          0|
    |result_digits_data_126_reg_24566          |    32|   0|    32|          0|
    |result_digits_data_127_reg_24578          |    32|   0|    32|          0|
    |result_digits_data_128_reg_24596          |    32|   0|    32|          0|
    |result_digits_data_66_reg_21780           |    32|   0|    32|          0|
    |result_digits_data_67_reg_21852           |    32|   0|    32|          0|
    |result_digits_data_68_reg_21930           |    32|   0|    32|          0|
    |result_digits_data_69_reg_22004           |    32|   0|    32|          0|
    |result_digits_data_70_reg_22077           |    32|   0|    32|          0|
    |result_digits_data_71_reg_22145           |    32|   0|    32|          0|
    |result_digits_data_72_reg_22219           |    32|   0|    32|          0|
    |result_digits_data_73_reg_22289           |    32|   0|    32|          0|
    |result_digits_data_74_reg_22358           |    32|   0|    32|          0|
    |result_digits_data_75_reg_22426           |    32|   0|    32|          0|
    |result_digits_data_76_reg_22493           |    32|   0|    32|          0|
    |result_digits_data_77_reg_22559           |    32|   0|    32|          0|
    |result_digits_data_78_reg_22624           |    32|   0|    32|          0|
    |result_digits_data_79_reg_22684           |    32|   0|    32|          0|
    |result_digits_data_80_reg_22750           |    32|   0|    32|          0|
    |result_digits_data_81_reg_22812           |    32|   0|    32|          0|
    |result_digits_data_82_reg_22873           |    32|   0|    32|          0|
    |result_digits_data_83_reg_22933           |    32|   0|    32|          0|
    |result_digits_data_84_reg_22992           |    32|   0|    32|          0|
    |result_digits_data_85_reg_23050           |    32|   0|    32|          0|
    |result_digits_data_86_reg_23107           |    32|   0|    32|          0|
    |result_digits_data_87_reg_23163           |    32|   0|    32|          0|
    |result_digits_data_88_reg_23218           |    32|   0|    32|          0|
    |result_digits_data_89_reg_23272           |    32|   0|    32|          0|
    |result_digits_data_90_reg_23325           |    32|   0|    32|          0|
    |result_digits_data_91_reg_23377           |    32|   0|    32|          0|
    |result_digits_data_92_reg_23428           |    32|   0|    32|          0|
    |result_digits_data_93_reg_23478           |    32|   0|    32|          0|
    |result_digits_data_94_reg_23527           |    32|   0|    32|          0|
    |result_digits_data_95_reg_23571           |    32|   0|    32|          0|
    |result_digits_data_96_reg_23621           |    32|   0|    32|          0|
    |result_digits_data_97_reg_23667           |    32|   0|    32|          0|
    |result_digits_data_98_reg_23712           |    32|   0|    32|          0|
    |result_digits_data_99_reg_23756           |    32|   0|    32|          0|
    |result_digits_size_1_fu_786               |    32|   0|    32|          0|
    |tmp_1_reg_20229                           |     1|   0|     1|          0|
    |tmp_278_reg_20233                         |     1|   0|     1|          0|
    |tmp_291_reg_20794                         |     1|   0|     1|          0|
    |tmp_292_reg_20809                         |     1|   0|     1|          0|
    |tmp_293_reg_20824                         |     1|   0|     1|          0|
    |tmp_294_reg_20839                         |     1|   0|     1|          0|
    |tmp_295_reg_20854                         |     1|   0|     1|          0|
    |tmp_296_reg_20869                         |     1|   0|     1|          0|
    |tmp_297_reg_20884                         |     1|   0|     1|          0|
    |tmp_298_reg_20899                         |     1|   0|     1|          0|
    |tmp_299_reg_20914                         |     1|   0|     1|          0|
    |tmp_300_reg_20929                         |     1|   0|     1|          0|
    |tmp_301_reg_20944                         |     1|   0|     1|          0|
    |tmp_302_reg_20959                         |     1|   0|     1|          0|
    |tmp_303_reg_20974                         |     1|   0|     1|          0|
    |tmp_304_reg_20989                         |     1|   0|     1|          0|
    |tmp_305_reg_21004                         |     1|   0|     1|          0|
    |tmp_306_reg_21019                         |     1|   0|     1|          0|
    |tmp_307_reg_21034                         |     1|   0|     1|          0|
    |tmp_308_reg_21049                         |     1|   0|     1|          0|
    |tmp_309_reg_21064                         |     1|   0|     1|          0|
    |tmp_310_reg_21079                         |     1|   0|     1|          0|
    |tmp_311_reg_21094                         |     1|   0|     1|          0|
    |tmp_312_reg_21109                         |     1|   0|     1|          0|
    |tmp_313_reg_21124                         |     1|   0|     1|          0|
    |tmp_314_reg_21139                         |     1|   0|     1|          0|
    |tmp_315_reg_21154                         |     1|   0|     1|          0|
    |tmp_316_reg_21169                         |     1|   0|     1|          0|
    |tmp_317_reg_21184                         |     1|   0|     1|          0|
    |tmp_318_reg_21199                         |     1|   0|     1|          0|
    |tmp_319_reg_21214                         |     1|   0|     1|          0|
    |tmp_320_reg_21229                         |     1|   0|     1|          0|
    |tmp_321_reg_21244                         |     1|   0|     1|          0|
    |tmp_322_reg_21259                         |     1|   0|     1|          0|
    |tmp_323_reg_21274                         |     1|   0|     1|          0|
    |tmp_324_reg_21289                         |     1|   0|     1|          0|
    |tmp_325_reg_21304                         |     1|   0|     1|          0|
    |tmp_326_reg_21319                         |     1|   0|     1|          0|
    |tmp_327_reg_21334                         |     1|   0|     1|          0|
    |tmp_328_reg_21349                         |     1|   0|     1|          0|
    |tmp_329_reg_21364                         |     1|   0|     1|          0|
    |tmp_330_reg_21379                         |     1|   0|     1|          0|
    |tmp_331_reg_21394                         |     1|   0|     1|          0|
    |tmp_332_reg_21409                         |     1|   0|     1|          0|
    |tmp_333_reg_21424                         |     1|   0|     1|          0|
    |tmp_334_reg_21439                         |     1|   0|     1|          0|
    |tmp_335_reg_21454                         |     1|   0|     1|          0|
    |tmp_336_reg_21469                         |     1|   0|     1|          0|
    |tmp_337_reg_21484                         |     1|   0|     1|          0|
    |tmp_338_reg_21499                         |     1|   0|     1|          0|
    |tmp_339_reg_21514                         |     1|   0|     1|          0|
    |tmp_340_reg_21529                         |     1|   0|     1|          0|
    |tmp_341_reg_21544                         |     1|   0|     1|          0|
    |tmp_342_reg_21559                         |     1|   0|     1|          0|
    |tmp_343_reg_21574                         |     1|   0|     1|          0|
    |tmp_344_reg_21589                         |     1|   0|     1|          0|
    |tmp_345_reg_21604                         |     1|   0|     1|          0|
    |tmp_346_reg_21619                         |     1|   0|     1|          0|
    |tmp_347_reg_21634                         |     1|   0|     1|          0|
    |tmp_348_reg_21649                         |     1|   0|     1|          0|
    |tmp_349_reg_21664                         |     1|   0|     1|          0|
    |tmp_350_reg_21679                         |     1|   0|     1|          0|
    |tmp_351_reg_21694                         |     1|   0|     1|          0|
    |tmp_352_reg_21709                         |     1|   0|     1|          0|
    |tmp_353_reg_21724                         |     1|   0|     1|          0|
    |tmp_5_reg_20575                           |     1|   0|     1|          0|
    |tmp_69_lcssa_reg_9271                     |  2048|   0|  2048|          0|
    |tmp_73_11_reg_22808                       |     1|   0|     1|          0|
    |tmp_73_12_reg_22869                       |     1|   0|     1|          0|
    |tmp_73_13_reg_22929                       |     1|   0|     1|          0|
    |tmp_73_14_reg_22988                       |     1|   0|     1|          0|
    |tmp_73_15_reg_23046                       |     1|   0|     1|          0|
    |tmp_73_16_reg_23103                       |     1|   0|     1|          0|
    |tmp_73_17_reg_23159                       |     1|   0|     1|          0|
    |tmp_73_18_reg_23214                       |     1|   0|     1|          0|
    |tmp_73_19_reg_23268                       |     1|   0|     1|          0|
    |tmp_73_1_reg_22489                        |     1|   0|     1|          0|
    |tmp_73_20_reg_23321                       |     1|   0|     1|          0|
    |tmp_73_21_reg_23373                       |     1|   0|     1|          0|
    |tmp_73_22_reg_23424                       |     1|   0|     1|          0|
    |tmp_73_23_reg_23474                       |     1|   0|     1|          0|
    |tmp_73_24_reg_23523                       |     1|   0|     1|          0|
    |tmp_73_26_reg_23663                       |     1|   0|     1|          0|
    |tmp_73_27_reg_23708                       |     1|   0|     1|          0|
    |tmp_73_28_reg_23752                       |     1|   0|     1|          0|
    |tmp_73_29_reg_23795                       |     1|   0|     1|          0|
    |tmp_73_30_reg_23837                       |     1|   0|     1|          0|
    |tmp_73_31_reg_23878                       |     1|   0|     1|          0|
    |tmp_73_32_reg_23918                       |     1|   0|     1|          0|
    |tmp_73_33_reg_23957                       |     1|   0|     1|          0|
    |tmp_73_34_reg_23995                       |     1|   0|     1|          0|
    |tmp_73_35_reg_24032                       |     1|   0|     1|          0|
    |tmp_73_36_reg_24068                       |     1|   0|     1|          0|
    |tmp_73_37_reg_24103                       |     1|   0|     1|          0|
    |tmp_73_38_reg_24137                       |     1|   0|     1|          0|
    |tmp_73_39_reg_24170                       |     1|   0|     1|          0|
    |tmp_73_3_reg_22555                        |     1|   0|     1|          0|
    |tmp_73_40_reg_24202                       |     1|   0|     1|          0|
    |tmp_73_41_reg_24233                       |     1|   0|     1|          0|
    |tmp_73_42_reg_24263                       |     1|   0|     1|          0|
    |tmp_73_43_reg_24292                       |     1|   0|     1|          0|
    |tmp_73_44_reg_24320                       |     1|   0|     1|          0|
    |tmp_73_45_reg_24347                       |     1|   0|     1|          0|
    |tmp_73_46_reg_24373                       |     1|   0|     1|          0|
    |tmp_73_47_reg_24398                       |     1|   0|     1|          0|
    |tmp_73_48_reg_24422                       |     1|   0|     1|          0|
    |tmp_73_49_reg_24445                       |     1|   0|     1|          0|
    |tmp_73_4_reg_22000                        |     1|   0|     1|          0|
    |tmp_73_50_reg_24467                       |     1|   0|     1|          0|
    |tmp_73_51_reg_24488                       |     1|   0|     1|          0|
    |tmp_73_52_reg_24508                       |     1|   0|     1|          0|
    |tmp_73_53_reg_24527                       |     1|   0|     1|          0|
    |tmp_73_54_reg_24545                       |     1|   0|     1|          0|
    |tmp_73_55_reg_24562                       |     1|   0|     1|          0|
    |tmp_73_5_reg_22073                        |     1|   0|     1|          0|
    |tmp_73_7_reg_22620                        |     1|   0|     1|          0|
    |tmp_73_8_reg_22285                        |     1|   0|     1|          0|
    |tmp_73_9_reg_22354                        |     1|   0|     1|          0|
    |tmp_73_s_reg_22422                        |     1|   0|     1|          0|
    |tmp_90_57_reg_20774                       |     1|   0|     1|          0|
    |tmp_96_10_reg_20934                       |     1|   0|     1|          0|
    |tmp_96_11_reg_20949                       |     1|   0|     1|          0|
    |tmp_96_12_reg_20964                       |     1|   0|     1|          0|
    |tmp_96_13_reg_20979                       |     1|   0|     1|          0|
    |tmp_96_14_reg_20994                       |     1|   0|     1|          0|
    |tmp_96_15_reg_21009                       |     1|   0|     1|          0|
    |tmp_96_16_reg_21024                       |     1|   0|     1|          0|
    |tmp_96_17_reg_21039                       |     1|   0|     1|          0|
    |tmp_96_18_reg_21054                       |     1|   0|     1|          0|
    |tmp_96_19_reg_21069                       |     1|   0|     1|          0|
    |tmp_96_1_reg_20784                        |     1|   0|     1|          0|
    |tmp_96_20_reg_21084                       |     1|   0|     1|          0|
    |tmp_96_21_reg_21099                       |     1|   0|     1|          0|
    |tmp_96_22_reg_21114                       |     1|   0|     1|          0|
    |tmp_96_23_reg_21129                       |     1|   0|     1|          0|
    |tmp_96_24_reg_21144                       |     1|   0|     1|          0|
    |tmp_96_25_reg_21159                       |     1|   0|     1|          0|
    |tmp_96_26_reg_21174                       |     1|   0|     1|          0|
    |tmp_96_27_reg_21189                       |     1|   0|     1|          0|
    |tmp_96_28_reg_21204                       |     1|   0|     1|          0|
    |tmp_96_29_reg_21219                       |     1|   0|     1|          0|
    |tmp_96_2_reg_20799                        |     1|   0|     1|          0|
    |tmp_96_30_reg_21234                       |     1|   0|     1|          0|
    |tmp_96_31_reg_21249                       |     1|   0|     1|          0|
    |tmp_96_32_reg_21264                       |     1|   0|     1|          0|
    |tmp_96_33_reg_21279                       |     1|   0|     1|          0|
    |tmp_96_34_reg_21294                       |     1|   0|     1|          0|
    |tmp_96_35_reg_21309                       |     1|   0|     1|          0|
    |tmp_96_36_reg_21324                       |     1|   0|     1|          0|
    |tmp_96_37_reg_21339                       |     1|   0|     1|          0|
    |tmp_96_38_reg_21354                       |     1|   0|     1|          0|
    |tmp_96_39_reg_21369                       |     1|   0|     1|          0|
    |tmp_96_3_reg_20814                        |     1|   0|     1|          0|
    |tmp_96_40_reg_21384                       |     1|   0|     1|          0|
    |tmp_96_41_reg_21399                       |     1|   0|     1|          0|
    |tmp_96_42_reg_21414                       |     1|   0|     1|          0|
    |tmp_96_43_reg_21429                       |     1|   0|     1|          0|
    |tmp_96_44_reg_21444                       |     1|   0|     1|          0|
    |tmp_96_45_reg_21459                       |     1|   0|     1|          0|
    |tmp_96_46_reg_21474                       |     1|   0|     1|          0|
    |tmp_96_47_reg_21489                       |     1|   0|     1|          0|
    |tmp_96_48_reg_21504                       |     1|   0|     1|          0|
    |tmp_96_49_reg_21519                       |     1|   0|     1|          0|
    |tmp_96_4_reg_20829                        |     1|   0|     1|          0|
    |tmp_96_50_reg_21534                       |     1|   0|     1|          0|
    |tmp_96_51_reg_21549                       |     1|   0|     1|          0|
    |tmp_96_52_reg_21564                       |     1|   0|     1|          0|
    |tmp_96_53_reg_21579                       |     1|   0|     1|          0|
    |tmp_96_54_reg_21594                       |     1|   0|     1|          0|
    |tmp_96_55_reg_21609                       |     1|   0|     1|          0|
    |tmp_96_56_reg_21624                       |     1|   0|     1|          0|
    |tmp_96_57_reg_21639                       |     1|   0|     1|          0|
    |tmp_96_58_reg_21654                       |     1|   0|     1|          0|
    |tmp_96_59_reg_21669                       |     1|   0|     1|          0|
    |tmp_96_5_reg_20844                        |     1|   0|     1|          0|
    |tmp_96_60_reg_21684                       |     1|   0|     1|          0|
    |tmp_96_61_reg_21699                       |     1|   0|     1|          0|
    |tmp_96_62_reg_21714                       |     1|   0|     1|          0|
    |tmp_96_6_reg_20859                        |     1|   0|     1|          0|
    |tmp_96_7_reg_20874                        |     1|   0|     1|          0|
    |tmp_96_8_reg_20889                        |     1|   0|     1|          0|
    |tmp_96_9_reg_20904                        |     1|   0|     1|          0|
    |tmp_96_s_reg_20919                        |     1|   0|     1|          0|
    |u_digits_data_V_ass_100_reg_21013         |     7|   0|     7|          0|
    |u_digits_data_V_ass_102_reg_21028         |     7|   0|     7|          0|
    |u_digits_data_V_ass_104_reg_21043         |     7|   0|     7|          0|
    |u_digits_data_V_ass_106_reg_21058         |     7|   0|     7|          0|
    |u_digits_data_V_ass_108_reg_21073         |     7|   0|     7|          0|
    |u_digits_data_V_ass_110_reg_21088         |     7|   0|     7|          0|
    |u_digits_data_V_ass_112_reg_21103         |     7|   0|     7|          0|
    |u_digits_data_V_ass_114_reg_21118         |     7|   0|     7|          0|
    |u_digits_data_V_ass_116_reg_21133         |     7|   0|     7|          0|
    |u_digits_data_V_ass_118_reg_21148         |     7|   0|     7|          0|
    |u_digits_data_V_ass_120_reg_21163         |     7|   0|     7|          0|
    |u_digits_data_V_ass_122_reg_21178         |     7|   0|     7|          0|
    |u_digits_data_V_ass_124_reg_21193         |     7|   0|     7|          0|
    |u_digits_data_V_ass_126_reg_21208         |     7|   0|     7|          0|
    |u_digits_data_V_ass_128_reg_21223         |     7|   0|     7|          0|
    |u_digits_data_V_ass_130_reg_21238         |     7|   0|     7|          0|
    |u_digits_data_V_ass_132_reg_21253         |     7|   0|     7|          0|
    |u_digits_data_V_ass_134_reg_21268         |     7|   0|     7|          0|
    |u_digits_data_V_ass_136_reg_21283         |     7|   0|     7|          0|
    |u_digits_data_V_ass_138_reg_21298         |     7|   0|     7|          0|
    |u_digits_data_V_ass_140_reg_21313         |     7|   0|     7|          0|
    |u_digits_data_V_ass_142_reg_21328         |     7|   0|     7|          0|
    |u_digits_data_V_ass_144_reg_21343         |     7|   0|     7|          0|
    |u_digits_data_V_ass_146_reg_21358         |     7|   0|     7|          0|
    |u_digits_data_V_ass_148_reg_21373         |     7|   0|     7|          0|
    |u_digits_data_V_ass_150_reg_21388         |     7|   0|     7|          0|
    |u_digits_data_V_ass_152_reg_21403         |     7|   0|     7|          0|
    |u_digits_data_V_ass_154_reg_21418         |     7|   0|     7|          0|
    |u_digits_data_V_ass_156_reg_21433         |     7|   0|     7|          0|
    |u_digits_data_V_ass_158_reg_21448         |     7|   0|     7|          0|
    |u_digits_data_V_ass_160_reg_21463         |     7|   0|     7|          0|
    |u_digits_data_V_ass_162_reg_21478         |     7|   0|     7|          0|
    |u_digits_data_V_ass_164_reg_21493         |     7|   0|     7|          0|
    |u_digits_data_V_ass_166_reg_21508         |     7|   0|     7|          0|
    |u_digits_data_V_ass_168_reg_21523         |     7|   0|     7|          0|
    |u_digits_data_V_ass_170_reg_21538         |     7|   0|     7|          0|
    |u_digits_data_V_ass_172_reg_21553         |     7|   0|     7|          0|
    |u_digits_data_V_ass_174_reg_21568         |     7|   0|     7|          0|
    |u_digits_data_V_ass_176_reg_21583         |     7|   0|     7|          0|
    |u_digits_data_V_ass_178_reg_21598         |     7|   0|     7|          0|
    |u_digits_data_V_ass_180_reg_21613         |     7|   0|     7|          0|
    |u_digits_data_V_ass_182_reg_21628         |     7|   0|     7|          0|
    |u_digits_data_V_ass_184_reg_21643         |     7|   0|     7|          0|
    |u_digits_data_V_ass_186_reg_21658         |     7|   0|     7|          0|
    |u_digits_data_V_ass_188_reg_21673         |     7|   0|     7|          0|
    |u_digits_data_V_ass_190_reg_21688         |     7|   0|     7|          0|
    |u_digits_data_V_ass_192_reg_21703         |     7|   0|     7|          0|
    |u_digits_data_V_ass_194_reg_21718         |     7|   0|     7|          0|
    |u_digits_data_V_ass_68_reg_20778          |     7|   0|     7|          0|
    |u_digits_data_V_ass_70_reg_20788          |     7|   0|     7|          0|
    |u_digits_data_V_ass_72_reg_20803          |     7|   0|     7|          0|
    |u_digits_data_V_ass_74_reg_20818          |     7|   0|     7|          0|
    |u_digits_data_V_ass_76_reg_20833          |     7|   0|     7|          0|
    |u_digits_data_V_ass_78_reg_20848          |     7|   0|     7|          0|
    |u_digits_data_V_ass_80_reg_20863          |     7|   0|     7|          0|
    |u_digits_data_V_ass_82_reg_20878          |     7|   0|     7|          0|
    |u_digits_data_V_ass_84_reg_20893          |     7|   0|     7|          0|
    |u_digits_data_V_ass_86_reg_20908          |     7|   0|     7|          0|
    |u_digits_data_V_ass_88_reg_20923          |     7|   0|     7|          0|
    |u_digits_data_V_ass_90_reg_20938          |     7|   0|     7|          0|
    |u_digits_data_V_ass_92_reg_20953          |     7|   0|     7|          0|
    |u_digits_data_V_ass_94_reg_20968          |     7|   0|     7|          0|
    |u_digits_data_V_ass_96_reg_20983          |     7|   0|     7|          0|
    |u_digits_data_V_ass_98_reg_20998          |     7|   0|     7|          0|
    |u_digits_size_assig_2_reg_21752           |    32|   0|    32|          0|
    |u_digits_size_assig_reg_20237             |    32|   0|    32|          0|
    |zero_digits_size_s_reg_17518              |    32|   0|    32|          0|
    +------------------------------------------+------+----+------+-----------+
    |Total                                     | 11630|   0| 11858|        228|
    +------------------------------------------+------+----+------+-----------+



================================================================
== Interface
================================================================
* Summary: 
+------------+-----+------+------------+--------------+--------------+
|  RTL Ports | Dir | Bits |  Protocol  | Source Object|    C Type    |
+------------+-----+------+------------+--------------+--------------+
|ap_clk      |  in |     1| ap_ctrl_hs |   fpga_powm  | return value |
|ap_rst      |  in |     1| ap_ctrl_hs |   fpga_powm  | return value |
|ap_start    |  in |     1| ap_ctrl_hs |   fpga_powm  | return value |
|ap_done     | out |     1| ap_ctrl_hs |   fpga_powm  | return value |
|ap_idle     | out |     1| ap_ctrl_hs |   fpga_powm  | return value |
|ap_ready    | out |     1| ap_ctrl_hs |   fpga_powm  | return value |
|ap_return   | out |  1024| ap_ctrl_hs |   fpga_powm  | return value |
|base_V      |  in |  1024|   ap_none  |    base_V    |    scalar    |
|exponent_V  |  in |  1024|   ap_none  |  exponent_V  |    scalar    |
|modulus_V   |  in |  1024|   ap_none  |   modulus_V  |    scalar    |
+------------+-----+------+------------+--------------+--------------+

